[www.free-css.com/assets/files/free-css-templates/preview/page234/construction/index.html]
[backblue.gif]
[fade.gif]
[index.html]
[s3.buysellads.com/ac/bsa.js]
[www.free-css.com/assets/files/free-css-templates/preview/page234/construction/assets/images/logo.png]
[www.free-css.com/assets/files/free-css-templates/preview/page234/construction/assets/images/slider_img.jpg]
[www.free-css.com/assets/files/free-css-templates/preview/page234/construction/assets/images/slider_img2.jpg]
[www.free-css.com/assets/files/free-css-templates/preview/page234/construction/assets/images/slider_img3.jpg]
[www.free-css.com/assets/files/free-css-templates/preview/page234/construction/assets/images/man.png]
[www.free-css.com/assets/files/free-css-templates/preview/page234/construction/assets/images/service_img1.jpg]
[www.free-css.com/assets/files/free-css-templates/preview/page234/construction/assets/images/service_img2.jpg]
[www.free-css.com/assets/files/free-css-templates/preview/page234/construction/assets/images/service_img3.jpg]
[www.free-css.com/assets/files/free-css-templates/preview/page234/construction/assets/images/highligh_img.jpg]
[www.free-css.com/assets/files/free-css-templates/preview/page234/construction/assets/images/portfolio1.jpg]
[www.free-css.com/assets/files/free-css-templates/preview/page234/construction/assets/images/portfolio2.jpg]
[www.free-css.com/assets/files/free-css-templates/preview/page234/construction/assets/images/portfolio3.jpg]
[www.free-css.com/assets/files/free-css-templates/preview/page234/construction/assets/images/portfolio4.jpg]
[www.free-css.com/assets/files/free-css-templates/preview/page234/construction/assets/images/testimonial_img1.png]
[www.free-css.com/assets/files/free-css-templates/preview/page234/construction/assets/images/testimonial_img2.png]
[www.free-css.com/assets/files/free-css-templates/preview/page234/construction/assets/js/jquery-1.12.1.min.js]
[www.free-css.com/assets/files/free-css-templates/preview/page234/construction/assets/js/bootstrap.min.js]
[www.free-css.com/assets/files/free-css-templates/preview/page234/construction/assets/js/bootsnav.js]
[www.free-css.com/assets/files/free-css-templates/preview/page234/construction/assets/js/isotope.js]
[www.free-css.com/assets/files/free-css-templates/preview/page234/construction/assets/js/isotope-active.js]
[www.free-css.com/assets/files/free-css-templates/preview/page234/construction/assets/js/jquery.fancybox8cbb.js]
[www.free-css.com/assets/files/free-css-templates/preview/page234/construction/assets/js/jquery.scrollUp.min.js]
[www.free-css.com/assets/files/free-css-templates/preview/page234/construction/assets/js/main.js]
[www.google-analytics.com/analytics.js]
[www.free-css.com/assets/files/free-css-templates/preview/page234/construction/index.html]
[www.free-css.com/assets/files/free-css-templates/preview/page234/construction/assets/css/fonts/glyphicons-halflings-regular.eot]
[www.free-css.com/assets/files/free-css-templates/preview/page234/construction/assets/css/fonts/glyphicons-halflings-regulard41d.eot]
[www.free-css.com/assets/files/free-css-templates/preview/page234/construction/assets/css/fonts/glyphicons-halflings-regular.woff]
[www.free-css.com/assets/files/free-css-templates/preview/page234/construction/assets/css/fonts/glyphicons-halflings-regular.ttf]
[www.free-css.com/assets/files/free-css-templates/preview/page234/construction/assets/css/bootstrap.min.css]
[www.free-css.com/assets/files/free-css-templates/preview/page234/construction/assets/css/fonts/fontawesome-webfont93e3.eot]
[www.free-css.com/assets/files/free-css-templates/preview/page234/construction/assets/css/fonts/fontawesome-webfontd41d.eot]
[www.free-css.com/assets/files/free-css-templates/preview/page234/construction/assets/css/fonts/fontawesome-webfont93e3.woff]
[www.free-css.com/assets/files/free-css-templates/preview/page234/construction/assets/css/fonts/fontawesome-webfont93e3.ttf]
[www.free-css.com/assets/files/free-css-templates/preview/page234/construction/assets/css/font-awesome.min.css]
[www.free-css.com/assets/files/free-css-templates/preview/page234/construction/assets/css/bootsnav.css]
[www.free-css.com/assets/files/free-css-templates/preview/page234/construction/assets/css/images/fancybox_sprite.png]
[www.free-css.com/assets/files/free-css-templates/preview/page234/construction/assets/css/images/fancybox_loading.gif]
[www.free-css.com/assets/files/free-css-templates/preview/page234/construction/assets/css/images/blank.gif]
[www.free-css.com/assets/files/free-css-templates/preview/page234/construction/assets/css/images/fancybox_overlay.png]
[www.free-css.com/assets/files/free-css-templates/preview/page234/construction/assets/css/images/fancybox_loading@2x.gif]
[www.free-css.com/assets/files/free-css-templates/preview/page234/construction/assets/css/jquery.fancybox.css]
[www.free-css.com/assets/files/free-css-templates/preview/page234/construction/assets/css/fonts/futuralt-bold-webfont.eot]
[www.free-css.com/assets/files/free-css-templates/preview/page234/construction/assets/css/fonts/futuralt-bold-webfontd41d.eot]
[www.free-css.com/assets/files/free-css-templates/preview/page234/construction/assets/css/fonts/futuralt-bold-webfont.woff]
[www.free-css.com/assets/files/free-css-templates/preview/page234/construction/assets/css/fonts/futuralt-bold-webfont.ttf]
[www.free-css.com/assets/files/free-css-templates/preview/page234/construction/assets/css/fonts/futuralt-book-webfont.eot]
[www.free-css.com/assets/files/free-css-templates/preview/page234/construction/assets/css/fonts/futuralt-book-webfontd41d.eot]
[www.free-css.com/assets/files/free-css-templates/preview/page234/construction/assets/css/fonts/futuralt-book-webfont.woff]
[www.free-css.com/assets/files/free-css-templates/preview/page234/construction/assets/css/fonts/futuralt-book-webfont.ttf]
[www.free-css.com/assets/files/free-css-templates/preview/page234/construction/assets/css/fonts/GillSansMT-UltraBoldd41d.eot]
[www.free-css.com/assets/files/free-css-templates/preview/page234/construction/assets/css/fonts/GillSansMT-UltraBold.woff]
[www.free-css.com/assets/files/free-css-templates/preview/page234/construction/assets/css/fonts/GillSansMT-UltraBold.ttf]
[www.free-css.com/assets/files/free-css-templates/preview/page234/construction/assets/images/about_bg.png]
[www.free-css.com/assets/files/free-css-templates/preview/page234/construction/assets/images/portfolio_bg.jpg]
[www.free-css.com/assets/files/free-css-templates/preview/page234/construction/assets/images/testimonial_bg.jpg]
[www.free-css.com/assets/files/free-css-templates/preview/page234/construction/assets/images/footer_bg.jpg]
[www.free-css.com/assets/files/free-css-templates/preview/page234/construction/assets/images/top.png]
[www.free-css.com/assets/files/free-css-templates/preview/page234/construction/assets/css/custom.css]
[www.free-css.com/assets/files/free-css-templates/preview/page234/construction/assets/css/fonts/glyphicons-halflings-regular.html]
[www.free-css.com/assets/files/free-css-templates/preview/page234/construction/assets/css/fonts/glyphicons-halflings-regular.svg]
[www.free-css.com/assets/files/free-css-templates/preview/page234/construction/assets/css/fonts/fontawesome-webfont93e3.html]
[www.free-css.com/assets/files/free-css-templates/preview/page234/construction/assets/css/fonts/fontawesome-webfont93e3.svg]
[www.free-css.com/assets/files/free-css-templates/preview/page234/construction/assets/css/fonts/futuralt-bold-webfont.svg]
[www.free-css.com/assets/files/free-css-templates/preview/page234/construction/assets/css/fonts/futuralt-book-webfont.svg]
[www.free-css.com/assets/files/free-css-templates/preview/page234/construction/assets/css/fonts/GillSansMT-UltraBold.svg]
